/docker-entrypoint.sh: /docker-entrypoint.d/ is not empty, will attempt to perform configuration
/docker-entrypoint.sh: Looking for shell scripts in /docker-entrypoint.d/
/docker-entrypoint.sh: Launching /docker-entrypoint.d/10-listen-on-ipv6-by-default.sh
10-listen-on-ipv6-by-default.sh: info: can not modify /etc/nginx/conf.d/default.conf (read-only file system?)
/docker-entrypoint.sh: Sourcing /docker-entrypoint.d/15-local-resolvers.envsh
/docker-entrypoint.sh: Launching /docker-entrypoint.d/20-envsubst-on-templates.sh
/docker-entrypoint.sh: Launching /docker-entrypoint.d/30-tune-worker-processes.sh
/docker-entrypoint.sh: Configuration complete; ready for start up
2026/06/06 11:17:38 [notice] 1#1: using the "epoll" event method
2026/06/06 11:17:38 [notice] 1#1: nginx/1.31.1
2026/06/06 11:17:38 [notice] 1#1: built by gcc 15.2.0 (Alpine 15.2.0) 
2026/06/06 11:17:38 [notice] 1#1: OS: Linux 6.12.76-linuxkit
2026/06/06 11:17:38 [notice] 1#1: getrlimit(RLIMIT_NOFILE): 1073741816:1073741816
2026/06/06 11:17:38 [notice] 1#1: start worker processes
2026/06/06 11:17:38 [notice] 1#1: start worker process 25
2026/06/06 11:17:38 [notice] 1#1: start worker process 26
2026/06/06 11:17:38 [notice] 1#1: start worker process 27
2026/06/06 11:17:38 [notice] 1#1: start worker process 28
2026/06/06 11:17:38 [notice] 1#1: start worker process 29
2026/06/06 11:17:38 [notice] 1#1: start worker process 30
2026/06/06 11:17:38 [notice] 1#1: start worker process 31
2026/06/06 11:17:38 [notice] 1#1: start worker process 32
2026/06/06 11:17:38 [notice] 1#1: start worker process 33
2026/06/06 11:17:38 [notice] 1#1: start worker process 34
2026/06/06 11:17:38 [notice] 1#1: start worker process 35
2026/06/06 11:17:38 [notice] 1#1: start worker process 36
2026/06/06 11:17:38 [notice] 1#1: start worker process 37
2026/06/06 11:17:38 [notice] 1#1: start worker process 38
2026/06/06 11:17:38 [notice] 1#1: start worker process 39
2026/06/06 11:17:38 [notice] 1#1: start worker process 40
127.0.0.1 - - [06/Jun/2026:11:17:46 +0000] "GET /health HTTP/1.1" 200 161 "-" "curl/8.7.1" "-"
127.0.0.1 - - [06/Jun/2026:11:17:46 +0000] "GET /api/db-health HTTP/1.1" 200 158 "-" "curl/8.7.1" "-"
127.0.0.1 - - [06/Jun/2026:11:17:46 +0000] "GET /api/redis-health HTTP/1.1" 200 148 "-" "curl/8.7.1" "-"
127.0.0.1 - - [06/Jun/2026:11:17:46 +0000] "GET /metrics HTTP/1.1" 200 10450 "-" "curl/8.7.1" "-"
